  Determinando los proyectos que se van a restaurar...
  Todos los proyectos est├ín actualizados para la restauraci├│n.
C:\Users\LENOVO\Documents\Trabajo\FinanzasPersonales.Api\FinanzasPersonales.Api\Models\Gasto.cs(3,7): warning CS0105: La directiva using para 'System.ComponentModel.DataAnnotations.Schema' aparece previamente en este espacio de nombres [C:\Users\LENOVO\Documents\Trabajo\FinanzasPersonales.Api\FinanzasPersonales.Api\FinanzasPersonales.Api.csproj]
C:\Users\LENOVO\Documents\Trabajo\FinanzasPersonales.Api\FinanzasPersonales.Api\Models\Ingreso.cs(3,7): warning CS0105: La directiva using para 'System.ComponentModel.DataAnnotations.Schema' aparece previamente en este espacio de nombres [C:\Users\LENOVO\Documents\Trabajo\FinanzasPersonales.Api\FinanzasPersonales.Api\FinanzasPersonales.Api.csproj]
C:\Users\LENOVO\Documents\Trabajo\FinanzasPersonales.Api\FinanzasPersonales.Api\Models\Meta.cs(3,7): warning CS0105: La directiva using para 'System.ComponentModel.DataAnnotations.Schema' aparece previamente en este espacio de nombres [C:\Users\LENOVO\Documents\Trabajo\FinanzasPersonales.Api\FinanzasPersonales.Api\FinanzasPersonales.Api.csproj]
C:\Users\LENOVO\Documents\Trabajo\FinanzasPersonales.Api\FinanzasPersonales.Api\Models\Meta.cs(16,23): warning CS8618: El elemento propiedad "Metas" que no acepta valores NULL debe contener un valor distinto de NULL al salir del constructor. Considere la posibilidad de agregar el modificador "required'"o declarar el propiedad como un valor que acepta valores NULL. [C:\Users\LENOVO\Documents\Trabajo\FinanzasPersonales.Api\FinanzasPersonales.Api\FinanzasPersonales.Api.csproj]
C:\Users\LENOVO\Documents\Trabajo\FinanzasPersonales.Api\FinanzasPersonales.Api\Models\Meta.cs(31,23): warning CS8618: El elemento propiedad "UserId" que no acepta valores NULL debe contener un valor distinto de NULL al salir del constructor. Considere la posibilidad de agregar el modificador "required'"o declarar el propiedad como un valor que acepta valores NULL. [C:\Users\LENOVO\Documents\Trabajo\FinanzasPersonales.Api\FinanzasPersonales.Api\FinanzasPersonales.Api.csproj]
C:\Users\LENOVO\Documents\Trabajo\FinanzasPersonales.Api\FinanzasPersonales.Api\Models\Meta.cs(34,37): warning CS8618: El elemento propiedad "User" que no acepta valores NULL debe contener un valor distinto de NULL al salir del constructor. Considere la posibilidad de agregar el modificador "required'"o declarar el propiedad como un valor que acepta valores NULL. [C:\Users\LENOVO\Documents\Trabajo\FinanzasPersonales.Api\FinanzasPersonales.Api\FinanzasPersonales.Api.csproj]
C:\Users\LENOVO\Documents\Trabajo\FinanzasPersonales.Api\FinanzasPersonales.Api\Models\Ingreso.cs(20,34): warning CS8618: El elemento propiedad "Categoria" que no acepta valores NULL debe contener un valor distinto de NULL al salir del constructor. Considere la posibilidad de agregar el modificador "required'"o declarar el propiedad como un valor que acepta valores NULL. [C:\Users\LENOVO\Documents\Trabajo\FinanzasPersonales.Api\FinanzasPersonales.Api\FinanzasPersonales.Api.csproj]
C:\Users\LENOVO\Documents\Trabajo\FinanzasPersonales.Api\FinanzasPersonales.Api\Models\Ingreso.cs(27,23): warning CS8618: El elemento propiedad "UserId" que no acepta valores NULL debe contener un valor distinto de NULL al salir del constructor. Considere la posibilidad de agregar el modificador "required'"o declarar el propiedad como un valor que acepta valores NULL. [C:\Users\LENOVO\Documents\Trabajo\FinanzasPersonales.Api\FinanzasPersonales.Api\FinanzasPersonales.Api.csproj]
C:\Users\LENOVO\Documents\Trabajo\FinanzasPersonales.Api\FinanzasPersonales.Api\Models\Ingreso.cs(30,37): warning CS8618: El elemento propiedad "User" que no acepta valores NULL debe contener un valor distinto de NULL al salir del constructor. Considere la posibilidad de agregar el modificador "required'"o declarar el propiedad como un valor que acepta valores NULL. [C:\Users\LENOVO\Documents\Trabajo\FinanzasPersonales.Api\FinanzasPersonales.Api\FinanzasPersonales.Api.csproj]
C:\Users\LENOVO\Documents\Trabajo\FinanzasPersonales.Api\FinanzasPersonales.Api\Models\Gasto.cs(20,34): warning CS8618: El elemento propiedad "Categoria" que no acepta valores NULL debe contener un valor distinto de NULL al salir del constructor. Considere la posibilidad de agregar el modificador "required'"o declarar el propiedad como un valor que acepta valores NULL. [C:\Users\LENOVO\Documents\Trabajo\FinanzasPersonales.Api\FinanzasPersonales.Api\FinanzasPersonales.Api.csproj]
C:\Users\LENOVO\Documents\Trabajo\FinanzasPersonales.Api\FinanzasPersonales.Api\Models\Gasto.cs(24,23): warning CS8618: El elemento propiedad "Tipo" que no acepta valores NULL debe contener un valor distinto de NULL al salir del constructor. Considere la posibilidad de agregar el modificador "required'"o declarar el propiedad como un valor que acepta valores NULL. [C:\Users\LENOVO\Documents\Trabajo\FinanzasPersonales.Api\FinanzasPersonales.Api\FinanzasPersonales.Api.csproj]
C:\Users\LENOVO\Documents\Trabajo\FinanzasPersonales.Api\FinanzasPersonales.Api\Models\Gasto.cs(34,23): warning CS8618: El elemento propiedad "UserId" que no acepta valores NULL debe contener un valor distinto de NULL al salir del constructor. Considere la posibilidad de agregar el modificador "required'"o declarar el propiedad como un valor que acepta valores NULL. [C:\Users\LENOVO\Documents\Trabajo\FinanzasPersonales.Api\FinanzasPersonales.Api\FinanzasPersonales.Api.csproj]
C:\Users\LENOVO\Documents\Trabajo\FinanzasPersonales.Api\FinanzasPersonales.Api\Models\Gasto.cs(37,37): warning CS8618: El elemento propiedad "User" que no acepta valores NULL debe contener un valor distinto de NULL al salir del constructor. Considere la posibilidad de agregar el modificador "required'"o declarar el propiedad como un valor que acepta valores NULL. [C:\Users\LENOVO\Documents\Trabajo\FinanzasPersonales.Api\FinanzasPersonales.Api\FinanzasPersonales.Api.csproj]
C:\Users\LENOVO\Documents\Trabajo\FinanzasPersonales.Api\FinanzasPersonales.Api\Models\Categoria.cs(14,23): warning CS8618: El elemento propiedad "Nombre" que no acepta valores NULL debe contener un valor distinto de NULL al salir del constructor. Considere la posibilidad de agregar el modificador "required'"o declarar el propiedad como un valor que acepta valores NULL. [C:\Users\LENOVO\Documents\Trabajo\FinanzasPersonales.Api\FinanzasPersonales.Api\FinanzasPersonales.Api.csproj]
C:\Users\LENOVO\Documents\Trabajo\FinanzasPersonales.Api\FinanzasPersonales.Api\Models\Categoria.cs(18,23): warning CS8618: El elemento propiedad "Tipo" que no acepta valores NULL debe contener un valor distinto de NULL al salir del constructor. Considere la posibilidad de agregar el modificador "required'"o declarar el propiedad como un valor que acepta valores NULL. [C:\Users\LENOVO\Documents\Trabajo\FinanzasPersonales.Api\FinanzasPersonales.Api\FinanzasPersonales.Api.csproj]
C:\Users\LENOVO\Documents\Trabajo\FinanzasPersonales.Api\FinanzasPersonales.Api\Models\Categoria.cs(22,23): warning CS8618: El elemento propiedad "UserId" que no acepta valores NULL debe contener un valor distinto de NULL al salir del constructor. Considere la posibilidad de agregar el modificador "required'"o declarar el propiedad como un valor que acepta valores NULL. [C:\Users\LENOVO\Documents\Trabajo\FinanzasPersonales.Api\FinanzasPersonales.Api\FinanzasPersonales.Api.csproj]
C:\Users\LENOVO\Documents\Trabajo\FinanzasPersonales.Api\FinanzasPersonales.Api\Models\Categoria.cs(25,37): warning CS8618: El elemento propiedad "User" que no acepta valores NULL debe contener un valor distinto de NULL al salir del constructor. Considere la posibilidad de agregar el modificador "required'"o declarar el propiedad como un valor que acepta valores NULL. [C:\Users\LENOVO\Documents\Trabajo\FinanzasPersonales.Api\FinanzasPersonales.Api\FinanzasPersonales.Api.csproj]
C:\Users\LENOVO\Documents\Trabajo\FinanzasPersonales.Api\FinanzasPersonales.Api\Dtos\RegisterDto.cs(9,23): warning CS8618: El elemento propiedad "Email" que no acepta valores NULL debe contener un valor distinto de NULL al salir del constructor. Considere la posibilidad de agregar el modificador "required'"o declarar el propiedad como un valor que acepta valores NULL. [C:\Users\LENOVO\Documents\Trabajo\FinanzasPersonales.Api\FinanzasPersonales.Api\FinanzasPersonales.Api.csproj]
C:\Users\LENOVO\Documents\Trabajo\FinanzasPersonales.Api\FinanzasPersonales.Api\Dtos\RegisterDto.cs(13,23): warning CS8618: El elemento propiedad "Password" que no acepta valores NULL debe contener un valor distinto de NULL al salir del constructor. Considere la posibilidad de agregar el modificador "required'"o declarar el propiedad como un valor que acepta valores NULL. [C:\Users\LENOVO\Documents\Trabajo\FinanzasPersonales.Api\FinanzasPersonales.Api\FinanzasPersonales.Api.csproj]
C:\Users\LENOVO\Documents\Trabajo\FinanzasPersonales.Api\FinanzasPersonales.Api\Dtos\LoginDto.cs(9,23): warning CS8618: El elemento propiedad "Email" que no acepta valores NULL debe contener un valor distinto de NULL al salir del constructor. Considere la posibilidad de agregar el modificador "required'"o declarar el propiedad como un valor que acepta valores NULL. [C:\Users\LENOVO\Documents\Trabajo\FinanzasPersonales.Api\FinanzasPersonales.Api\FinanzasPersonales.Api.csproj]
C:\Users\LENOVO\Documents\Trabajo\FinanzasPersonales.Api\FinanzasPersonales.Api\Dtos\LoginDto.cs(12,23): warning CS8618: El elemento propiedad "Password" que no acepta valores NULL debe contener un valor distinto de NULL al salir del constructor. Considere la posibilidad de agregar el modificador "required'"o declarar el propiedad como un valor que acepta valores NULL. [C:\Users\LENOVO\Documents\Trabajo\FinanzasPersonales.Api\FinanzasPersonales.Api\FinanzasPersonales.Api.csproj]
C:\Users\LENOVO\Documents\Trabajo\FinanzasPersonales.Api\FinanzasPersonales.Api\Dtos\GastoDto.cs(10,23): warning CS8618: El elemento propiedad "CategoriaNombre" que no acepta valores NULL debe contener un valor distinto de NULL al salir del constructor. Considere la posibilidad de agregar el modificador "required'"o declarar el propiedad como un valor que acepta valores NULL. [C:\Users\LENOVO\Documents\Trabajo\FinanzasPersonales.Api\FinanzasPersonales.Api\FinanzasPersonales.Api.csproj]
C:\Users\LENOVO\Documents\Trabajo\FinanzasPersonales.Api\FinanzasPersonales.Api\Dtos\GastoDto.cs(12,23): warning CS8618: El elemento propiedad "Tipo" que no acepta valores NULL debe contener un valor distinto de NULL al salir del constructor. Considere la posibilidad de agregar el modificador "required'"o declarar el propiedad como un valor que acepta valores NULL. [C:\Users\LENOVO\Documents\Trabajo\FinanzasPersonales.Api\FinanzasPersonales.Api\FinanzasPersonales.Api.csproj]
C:\Users\LENOVO\Documents\Trabajo\FinanzasPersonales.Api\FinanzasPersonales.Api\Dtos\GastoCreateDto.cs(15,23): warning CS8618: El elemento propiedad "Tipo" que no acepta valores NULL debe contener un valor distinto de NULL al salir del constructor. Considere la posibilidad de agregar el modificador "required'"o declarar el propiedad como un valor que acepta valores NULL. [C:\Users\LENOVO\Documents\Trabajo\FinanzasPersonales.Api\FinanzasPersonales.Api\FinanzasPersonales.Api.csproj]
C:\Users\LENOVO\Documents\Trabajo\FinanzasPersonales.Api\FinanzasPersonales.Api\Dtos\DashboardResumenDto.cs(6,23): warning CS8618: El elemento propiedad "PeriodoActual" que no acepta valores NULL debe contener un valor distinto de NULL al salir del constructor. Considere la posibilidad de agregar el modificador "required'"o declarar el propiedad como un valor que acepta valores NULL. [C:\Users\LENOVO\Documents\Trabajo\FinanzasPersonales.Api\FinanzasPersonales.Api\FinanzasPersonales.Api.csproj]
C:\Users\LENOVO\Documents\Trabajo\FinanzasPersonales.Api\FinanzasPersonales.Api\Dtos\AuthResponseDto.cs(6,23): warning CS8618: El elemento propiedad "Message" que no acepta valores NULL debe contener un valor distinto de NULL al salir del constructor. Considere la posibilidad de agregar el modificador "required'"o declarar el propiedad como un valor que acepta valores NULL. [C:\Users\LENOVO\Documents\Trabajo\FinanzasPersonales.Api\FinanzasPersonales.Api\FinanzasPersonales.Api.csproj]
C:\Users\LENOVO\Documents\Trabajo\FinanzasPersonales.Api\FinanzasPersonales.Api\Program.cs(78,76): warning CS8604: Posible argumento de referencia nulo para el par├ímetro "s" en "byte[] Encoding.GetBytes(string s)". [C:\Users\LENOVO\Documents\Trabajo\FinanzasPersonales.Api\FinanzasPersonales.Api\FinanzasPersonales.Api.csproj]
C:\Users\LENOVO\Documents\Trabajo\FinanzasPersonales.Api\FinanzasPersonales.Api\Controllers\AuthController.cs(105,74): warning CS8604: Posible argumento de referencia nulo para el par├ímetro "s" en "byte[] Encoding.GetBytes(string s)". [C:\Users\LENOVO\Documents\Trabajo\FinanzasPersonales.Api\FinanzasPersonales.Api\FinanzasPersonales.Api.csproj]
C:\Users\LENOVO\Documents\Trabajo\FinanzasPersonales.Api\FinanzasPersonales.Api\Controllers\AuthController.cs(111,56): warning CS8604: Posible argumento de referencia nulo para el par├ímetro "value" en "Claim.Claim(string type, string value)". [C:\Users\LENOVO\Documents\Trabajo\FinanzasPersonales.Api\FinanzasPersonales.Api\FinanzasPersonales.Api.csproj]
C:\Users\LENOVO\Documents\Trabajo\FinanzasPersonales.Api\FinanzasPersonales.Api\Controllers\CategoriasController.cs(86,32): warning CS8601: Posible asignaci├│n de referencia nula. [C:\Users\LENOVO\Documents\Trabajo\FinanzasPersonales.Api\FinanzasPersonales.Api\FinanzasPersonales.Api.csproj]
C:\Users\LENOVO\Documents\Trabajo\FinanzasPersonales.Api\FinanzasPersonales.Api\Controllers\CategoriasController.cs(127,32): warning CS8601: Posible asignaci├│n de referencia nula. [C:\Users\LENOVO\Documents\Trabajo\FinanzasPersonales.Api\FinanzasPersonales.Api\FinanzasPersonales.Api.csproj]
C:\Users\LENOVO\Documents\Trabajo\FinanzasPersonales.Api\FinanzasPersonales.Api\Controllers\GastosController.cs(189,28): warning CS8601: Posible asignaci├│n de referencia nula. [C:\Users\LENOVO\Documents\Trabajo\FinanzasPersonales.Api\FinanzasPersonales.Api\FinanzasPersonales.Api.csproj]
C:\Users\LENOVO\Documents\Trabajo\FinanzasPersonales.Api\FinanzasPersonales.Api\Controllers\GastosController.cs(217,28): warning CS8601: Posible asignaci├│n de referencia nula. [C:\Users\LENOVO\Documents\Trabajo\FinanzasPersonales.Api\FinanzasPersonales.Api\FinanzasPersonales.Api.csproj]
C:\Users\LENOVO\Documents\Trabajo\FinanzasPersonales.Api\FinanzasPersonales.Api\Controllers\PresupuestosController.cs(45,25): error CS0266: No se puede convertir impl├¡citamente el tipo 'System.Linq.IQueryable<FinanzasPersonales.Api.Models.Presupuesto>' en 'Microsoft.EntityFrameworkCore.Query.IIncludableQueryable<FinanzasPersonales.Api.Models.Presupuesto, FinanzasPersonales.Api.Models.Categoria>'. Ya existe una conversi├│n expl├¡cita (compruebe si le falta una conversi├│n) [C:\Users\LENOVO\Documents\Trabajo\FinanzasPersonales.Api\FinanzasPersonales.Api\FinanzasPersonales.Api.csproj]
C:\Users\LENOVO\Documents\Trabajo\FinanzasPersonales.Api\FinanzasPersonales.Api\Controllers\PresupuestosController.cs(48,25): error CS0266: No se puede convertir impl├¡citamente el tipo 'System.Linq.IQueryable<FinanzasPersonales.Api.Models.Presupuesto>' en 'Microsoft.EntityFrameworkCore.Query.IIncludableQueryable<FinanzasPersonales.Api.Models.Presupuesto, FinanzasPersonales.Api.Models.Categoria>'. Ya existe una conversi├│n expl├¡cita (compruebe si le falta una conversi├│n) [C:\Users\LENOVO\Documents\Trabajo\FinanzasPersonales.Api\FinanzasPersonales.Api\FinanzasPersonales.Api.csproj]
C:\Users\LENOVO\Documents\Trabajo\FinanzasPersonales.Api\FinanzasPersonales.Api\Controllers\PresupuestosController.cs(56,65): warning CS8604: Posible argumento de referencia nulo para el par├ímetro "userId" en "Task<decimal> PresupuestosController.CalcularGastadoActual(string userId, Presupuesto presupuesto)". [C:\Users\LENOVO\Documents\Trabajo\FinanzasPersonales.Api\FinanzasPersonales.Api\FinanzasPersonales.Api.csproj]
C:\Users\LENOVO\Documents\Trabajo\FinanzasPersonales.Api\FinanzasPersonales.Api\Controllers\MetasController.cs(102,27): warning CS8601: Posible asignaci├│n de referencia nula. [C:\Users\LENOVO\Documents\Trabajo\FinanzasPersonales.Api\FinanzasPersonales.Api\FinanzasPersonales.Api.csproj]
C:\Users\LENOVO\Documents\Trabajo\FinanzasPersonales.Api\FinanzasPersonales.Api\Controllers\PerfilController.cs(38,57): warning CS8604: Posible argumento de referencia nulo para el par├ímetro "userId" en "Task<IdentityUser?> UserManager<IdentityUser>.FindByIdAsync(string userId)". [C:\Users\LENOVO\Documents\Trabajo\FinanzasPersonales.Api\FinanzasPersonales.Api\FinanzasPersonales.Api.csproj]
C:\Users\LENOVO\Documents\Trabajo\FinanzasPersonales.Api\FinanzasPersonales.Api\Controllers\PerfilController.cs(51,25): warning CS8601: Posible asignaci├│n de referencia nula. [C:\Users\LENOVO\Documents\Trabajo\FinanzasPersonales.Api\FinanzasPersonales.Api\FinanzasPersonales.Api.csproj]
C:\Users\LENOVO\Documents\Trabajo\FinanzasPersonales.Api\FinanzasPersonales.Api\Controllers\IngresosController.cs(173,30): warning CS8601: Posible asignaci├│n de referencia nula. [C:\Users\LENOVO\Documents\Trabajo\FinanzasPersonales.Api\FinanzasPersonales.Api\FinanzasPersonales.Api.csproj]
C:\Users\LENOVO\Documents\Trabajo\FinanzasPersonales.Api\FinanzasPersonales.Api\Controllers\MetasController.cs(130,27): warning CS8601: Posible asignaci├│n de referencia nula. [C:\Users\LENOVO\Documents\Trabajo\FinanzasPersonales.Api\FinanzasPersonales.Api\FinanzasPersonales.Api.csproj]
C:\Users\LENOVO\Documents\Trabajo\FinanzasPersonales.Api\FinanzasPersonales.Api\Controllers\PerfilController.cs(72,57): warning CS8604: Posible argumento de referencia nulo para el par├ímetro "userId" en "Task<IdentityUser?> UserManager<IdentityUser>.FindByIdAsync(string userId)". [C:\Users\LENOVO\Documents\Trabajo\FinanzasPersonales.Api\FinanzasPersonales.Api\FinanzasPersonales.Api.csproj]
C:\Users\LENOVO\Documents\Trabajo\FinanzasPersonales.Api\FinanzasPersonales.Api\Controllers\PresupuestosController.cs(95,61): warning CS8604: Posible argumento de referencia nulo para el par├ímetro "userId" en "Task<decimal> PresupuestosController.CalcularGastadoActual(string userId, Presupuesto presupuesto)". [C:\Users\LENOVO\Documents\Trabajo\FinanzasPersonales.Api\FinanzasPersonales.Api\FinanzasPersonales.Api.csproj]
C:\Users\LENOVO\Documents\Trabajo\FinanzasPersonales.Api\FinanzasPersonales.Api\Controllers\IngresosController.cs(201,30): warning CS8601: Posible asignaci├│n de referencia nula. [C:\Users\LENOVO\Documents\Trabajo\FinanzasPersonales.Api\FinanzasPersonales.Api\FinanzasPersonales.Api.csproj]
C:\Users\LENOVO\Documents\Trabajo\FinanzasPersonales.Api\FinanzasPersonales.Api\Controllers\PerfilController.cs(106,57): warning CS8604: Posible argumento de referencia nulo para el par├ímetro "userId" en "Task<IdentityUser?> UserManager<IdentityUser>.FindByIdAsync(string userId)". [C:\Users\LENOVO\Documents\Trabajo\FinanzasPersonales.Api\FinanzasPersonales.Api\FinanzasPersonales.Api.csproj]
C:\Users\LENOVO\Documents\Trabajo\FinanzasPersonales.Api\FinanzasPersonales.Api\Controllers\PresupuestosController.cs(144,35): error CS9035: El miembro requerido 'Presupuesto.Categoria' debe establecerse en el inicializador de objeto o constructor de atributos. [C:\Users\LENOVO\Documents\Trabajo\FinanzasPersonales.Api\FinanzasPersonales.Api\FinanzasPersonales.Api.csproj]
C:\Users\LENOVO\Documents\Trabajo\FinanzasPersonales.Api\FinanzasPersonales.Api\Controllers\PresupuestosController.cs(144,35): error CS9035: El miembro requerido 'Presupuesto.User' debe establecerse en el inicializador de objeto o constructor de atributos. [C:\Users\LENOVO\Documents\Trabajo\FinanzasPersonales.Api\FinanzasPersonales.Api\FinanzasPersonales.Api.csproj]
C:\Users\LENOVO\Documents\Trabajo\FinanzasPersonales.Api\FinanzasPersonales.Api\Controllers\PresupuestosController.cs(151,26): warning CS8601: Posible asignaci├│n de referencia nula. [C:\Users\LENOVO\Documents\Trabajo\FinanzasPersonales.Api\FinanzasPersonales.Api\FinanzasPersonales.Api.csproj]
C:\Users\LENOVO\Documents\Trabajo\FinanzasPersonales.Api\FinanzasPersonales.Api\Controllers\PresupuestosController.cs(241,65): warning CS8604: Posible argumento de referencia nulo para el par├ímetro "userId" en "Task<decimal> PresupuestosController.CalcularGastadoActual(string userId, Presupuesto presupuesto)". [C:\Users\LENOVO\Documents\Trabajo\FinanzasPersonales.Api\FinanzasPersonales.Api\FinanzasPersonales.Api.csproj]

ERROR al compilar.

C:\Users\LENOVO\Documents\Trabajo\FinanzasPersonales.Api\FinanzasPersonales.Api\Models\Gasto.cs(3,7): warning CS0105: La directiva using para 'System.ComponentModel.DataAnnotations.Schema' aparece previamente en este espacio de nombres [C:\Users\LENOVO\Documents\Trabajo\FinanzasPersonales.Api\FinanzasPersonales.Api\FinanzasPersonales.Api.csproj]
C:\Users\LENOVO\Documents\Trabajo\FinanzasPersonales.Api\FinanzasPersonales.Api\Models\Ingreso.cs(3,7): warning CS0105: La directiva using para 'System.ComponentModel.DataAnnotations.Schema' aparece previamente en este espacio de nombres [C:\Users\LENOVO\Documents\Trabajo\FinanzasPersonales.Api\FinanzasPersonales.Api\FinanzasPersonales.Api.csproj]
C:\Users\LENOVO\Documents\Trabajo\FinanzasPersonales.Api\FinanzasPersonales.Api\Models\Meta.cs(3,7): warning CS0105: La directiva using para 'System.ComponentModel.DataAnnotations.Schema' aparece previamente en este espacio de nombres [C:\Users\LENOVO\Documents\Trabajo\FinanzasPersonales.Api\FinanzasPersonales.Api\FinanzasPersonales.Api.csproj]
C:\Users\LENOVO\Documents\Trabajo\FinanzasPersonales.Api\FinanzasPersonales.Api\Models\Meta.cs(16,23): warning CS8618: El elemento propiedad "Metas" que no acepta valores NULL debe contener un valor distinto de NULL al salir del constructor. Considere la posibilidad de agregar el modificador "required'"o declarar el propiedad como un valor que acepta valores NULL. [C:\Users\LENOVO\Documents\Trabajo\FinanzasPersonales.Api\FinanzasPersonales.Api\FinanzasPersonales.Api.csproj]
C:\Users\LENOVO\Documents\Trabajo\FinanzasPersonales.Api\FinanzasPersonales.Api\Models\Meta.cs(31,23): warning CS8618: El elemento propiedad "UserId" que no acepta valores NULL debe contener un valor distinto de NULL al salir del constructor. Considere la posibilidad de agregar el modificador "required'"o declarar el propiedad como un valor que acepta valores NULL. [C:\Users\LENOVO\Documents\Trabajo\FinanzasPersonales.Api\FinanzasPersonales.Api\FinanzasPersonales.Api.csproj]
C:\Users\LENOVO\Documents\Trabajo\FinanzasPersonales.Api\FinanzasPersonales.Api\Models\Meta.cs(34,37): warning CS8618: El elemento propiedad "User" que no acepta valores NULL debe contener un valor distinto de NULL al salir del constructor. Considere la posibilidad de agregar el modificador "required'"o declarar el propiedad como un valor que acepta valores NULL. [C:\Users\LENOVO\Documents\Trabajo\FinanzasPersonales.Api\FinanzasPersonales.Api\FinanzasPersonales.Api.csproj]
C:\Users\LENOVO\Documents\Trabajo\FinanzasPersonales.Api\FinanzasPersonales.Api\Models\Ingreso.cs(20,34): warning CS8618: El elemento propiedad "Categoria" que no acepta valores NULL debe contener un valor distinto de NULL al salir del constructor. Considere la posibilidad de agregar el modificador "required'"o declarar el propiedad como un valor que acepta valores NULL. [C:\Users\LENOVO\Documents\Trabajo\FinanzasPersonales.Api\FinanzasPersonales.Api\FinanzasPersonales.Api.csproj]
C:\Users\LENOVO\Documents\Trabajo\FinanzasPersonales.Api\FinanzasPersonales.Api\Models\Ingreso.cs(27,23): warning CS8618: El elemento propiedad "UserId" que no acepta valores NULL debe contener un valor distinto de NULL al salir del constructor. Considere la posibilidad de agregar el modificador "required'"o declarar el propiedad como un valor que acepta valores NULL. [C:\Users\LENOVO\Documents\Trabajo\FinanzasPersonales.Api\FinanzasPersonales.Api\FinanzasPersonales.Api.csproj]
C:\Users\LENOVO\Documents\Trabajo\FinanzasPersonales.Api\FinanzasPersonales.Api\Models\Ingreso.cs(30,37): warning CS8618: El elemento propiedad "User" que no acepta valores NULL debe contener un valor distinto de NULL al salir del constructor. Considere la posibilidad de agregar el modificador "required'"o declarar el propiedad como un valor que acepta valores NULL. [C:\Users\LENOVO\Documents\Trabajo\FinanzasPersonales.Api\FinanzasPersonales.Api\FinanzasPersonales.Api.csproj]
C:\Users\LENOVO\Documents\Trabajo\FinanzasPersonales.Api\FinanzasPersonales.Api\Models\Gasto.cs(20,34): warning CS8618: El elemento propiedad "Categoria" que no acepta valores NULL debe contener un valor distinto de NULL al salir del constructor. Considere la posibilidad de agregar el modificador "required'"o declarar el propiedad como un valor que acepta valores NULL. [C:\Users\LENOVO\Documents\Trabajo\FinanzasPersonales.Api\FinanzasPersonales.Api\FinanzasPersonales.Api.csproj]
C:\Users\LENOVO\Documents\Trabajo\FinanzasPersonales.Api\FinanzasPersonales.Api\Models\Gasto.cs(24,23): warning CS8618: El elemento propiedad "Tipo" que no acepta valores NULL debe contener un valor distinto de NULL al salir del constructor. Considere la posibilidad de agregar el modificador "required'"o declarar el propiedad como un valor que acepta valores NULL. [C:\Users\LENOVO\Documents\Trabajo\FinanzasPersonales.Api\FinanzasPersonales.Api\FinanzasPersonales.Api.csproj]
C:\Users\LENOVO\Documents\Trabajo\FinanzasPersonales.Api\FinanzasPersonales.Api\Models\Gasto.cs(34,23): warning CS8618: El elemento propiedad "UserId" que no acepta valores NULL debe contener un valor distinto de NULL al salir del constructor. Considere la posibilidad de agregar el modificador "required'"o declarar el propiedad como un valor que acepta valores NULL. [C:\Users\LENOVO\Documents\Trabajo\FinanzasPersonales.Api\FinanzasPersonales.Api\FinanzasPersonales.Api.csproj]
C:\Users\LENOVO\Documents\Trabajo\FinanzasPersonales.Api\FinanzasPersonales.Api\Models\Gasto.cs(37,37): warning CS8618: El elemento propiedad "User" que no acepta valores NULL debe contener un valor distinto de NULL al salir del constructor. Considere la posibilidad de agregar el modificador "required'"o declarar el propiedad como un valor que acepta valores NULL. [C:\Users\LENOVO\Documents\Trabajo\FinanzasPersonales.Api\FinanzasPersonales.Api\FinanzasPersonales.Api.csproj]
C:\Users\LENOVO\Documents\Trabajo\FinanzasPersonales.Api\FinanzasPersonales.Api\Models\Categoria.cs(14,23): warning CS8618: El elemento propiedad "Nombre" que no acepta valores NULL debe contener un valor distinto de NULL al salir del constructor. Considere la posibilidad de agregar el modificador "required'"o declarar el propiedad como un valor que acepta valores NULL. [C:\Users\LENOVO\Documents\Trabajo\FinanzasPersonales.Api\FinanzasPersonales.Api\FinanzasPersonales.Api.csproj]
C:\Users\LENOVO\Documents\Trabajo\FinanzasPersonales.Api\FinanzasPersonales.Api\Models\Categoria.cs(18,23): warning CS8618: El elemento propiedad "Tipo" que no acepta valores NULL debe contener un valor distinto de NULL al salir del constructor. Considere la posibilidad de agregar el modificador "required'"o declarar el propiedad como un valor que acepta valores NULL. [C:\Users\LENOVO\Documents\Trabajo\FinanzasPersonales.Api\FinanzasPersonales.Api\FinanzasPersonales.Api.csproj]
C:\Users\LENOVO\Documents\Trabajo\FinanzasPersonales.Api\FinanzasPersonales.Api\Models\Categoria.cs(22,23): warning CS8618: El elemento propiedad "UserId" que no acepta valores NULL debe contener un valor distinto de NULL al salir del constructor. Considere la posibilidad de agregar el modificador "required'"o declarar el propiedad como un valor que acepta valores NULL. [C:\Users\LENOVO\Documents\Trabajo\FinanzasPersonales.Api\FinanzasPersonales.Api\FinanzasPersonales.Api.csproj]
C:\Users\LENOVO\Documents\Trabajo\FinanzasPersonales.Api\FinanzasPersonales.Api\Models\Categoria.cs(25,37): warning CS8618: El elemento propiedad "User" que no acepta valores NULL debe contener un valor distinto de NULL al salir del constructor. Considere la posibilidad de agregar el modificador "required'"o declarar el propiedad como un valor que acepta valores NULL. [C:\Users\LENOVO\Documents\Trabajo\FinanzasPersonales.Api\FinanzasPersonales.Api\FinanzasPersonales.Api.csproj]
C:\Users\LENOVO\Documents\Trabajo\FinanzasPersonales.Api\FinanzasPersonales.Api\Dtos\RegisterDto.cs(9,23): warning CS8618: El elemento propiedad "Email" que no acepta valores NULL debe contener un valor distinto de NULL al salir del constructor. Considere la posibilidad de agregar el modificador "required'"o declarar el propiedad como un valor que acepta valores NULL. [C:\Users\LENOVO\Documents\Trabajo\FinanzasPersonales.Api\FinanzasPersonales.Api\FinanzasPersonales.Api.csproj]
C:\Users\LENOVO\Documents\Trabajo\FinanzasPersonales.Api\FinanzasPersonales.Api\Dtos\RegisterDto.cs(13,23): warning CS8618: El elemento propiedad "Password" que no acepta valores NULL debe contener un valor distinto de NULL al salir del constructor. Considere la posibilidad de agregar el modificador "required'"o declarar el propiedad como un valor que acepta valores NULL. [C:\Users\LENOVO\Documents\Trabajo\FinanzasPersonales.Api\FinanzasPersonales.Api\FinanzasPersonales.Api.csproj]
C:\Users\LENOVO\Documents\Trabajo\FinanzasPersonales.Api\FinanzasPersonales.Api\Dtos\LoginDto.cs(9,23): warning CS8618: El elemento propiedad "Email" que no acepta valores NULL debe contener un valor distinto de NULL al salir del constructor. Considere la posibilidad de agregar el modificador "required'"o declarar el propiedad como un valor que acepta valores NULL. [C:\Users\LENOVO\Documents\Trabajo\FinanzasPersonales.Api\FinanzasPersonales.Api\FinanzasPersonales.Api.csproj]
C:\Users\LENOVO\Documents\Trabajo\FinanzasPersonales.Api\FinanzasPersonales.Api\Dtos\LoginDto.cs(12,23): warning CS8618: El elemento propiedad "Password" que no acepta valores NULL debe contener un valor distinto de NULL al salir del constructor. Considere la posibilidad de agregar el modificador "required'"o declarar el propiedad como un valor que acepta valores NULL. [C:\Users\LENOVO\Documents\Trabajo\FinanzasPersonales.Api\FinanzasPersonales.Api\FinanzasPersonales.Api.csproj]
C:\Users\LENOVO\Documents\Trabajo\FinanzasPersonales.Api\FinanzasPersonales.Api\Dtos\GastoDto.cs(10,23): warning CS8618: El elemento propiedad "CategoriaNombre" que no acepta valores NULL debe contener un valor distinto de NULL al salir del constructor. Considere la posibilidad de agregar el modificador "required'"o declarar el propiedad como un valor que acepta valores NULL. [C:\Users\LENOVO\Documents\Trabajo\FinanzasPersonales.Api\FinanzasPersonales.Api\FinanzasPersonales.Api.csproj]
C:\Users\LENOVO\Documents\Trabajo\FinanzasPersonales.Api\FinanzasPersonales.Api\Dtos\GastoDto.cs(12,23): warning CS8618: El elemento propiedad "Tipo" que no acepta valores NULL debe contener un valor distinto de NULL al salir del constructor. Considere la posibilidad de agregar el modificador "required'"o declarar el propiedad como un valor que acepta valores NULL. [C:\Users\LENOVO\Documents\Trabajo\FinanzasPersonales.Api\FinanzasPersonales.Api\FinanzasPersonales.Api.csproj]
C:\Users\LENOVO\Documents\Trabajo\FinanzasPersonales.Api\FinanzasPersonales.Api\Dtos\GastoCreateDto.cs(15,23): warning CS8618: El elemento propiedad "Tipo" que no acepta valores NULL debe contener un valor distinto de NULL al salir del constructor. Considere la posibilidad de agregar el modificador "required'"o declarar el propiedad como un valor que acepta valores NULL. [C:\Users\LENOVO\Documents\Trabajo\FinanzasPersonales.Api\FinanzasPersonales.Api\FinanzasPersonales.Api.csproj]
C:\Users\LENOVO\Documents\Trabajo\FinanzasPersonales.Api\FinanzasPersonales.Api\Dtos\DashboardResumenDto.cs(6,23): warning CS8618: El elemento propiedad "PeriodoActual" que no acepta valores NULL debe contener un valor distinto de NULL al salir del constructor. Considere la posibilidad de agregar el modificador "required'"o declarar el propiedad como un valor que acepta valores NULL. [C:\Users\LENOVO\Documents\Trabajo\FinanzasPersonales.Api\FinanzasPersonales.Api\FinanzasPersonales.Api.csproj]
C:\Users\LENOVO\Documents\Trabajo\FinanzasPersonales.Api\FinanzasPersonales.Api\Dtos\AuthResponseDto.cs(6,23): warning CS8618: El elemento propiedad "Message" que no acepta valores NULL debe contener un valor distinto de NULL al salir del constructor. Considere la posibilidad de agregar el modificador "required'"o declarar el propiedad como un valor que acepta valores NULL. [C:\Users\LENOVO\Documents\Trabajo\FinanzasPersonales.Api\FinanzasPersonales.Api\FinanzasPersonales.Api.csproj]
C:\Users\LENOVO\Documents\Trabajo\FinanzasPersonales.Api\FinanzasPersonales.Api\Program.cs(78,76): warning CS8604: Posible argumento de referencia nulo para el par├ímetro "s" en "byte[] Encoding.GetBytes(string s)". [C:\Users\LENOVO\Documents\Trabajo\FinanzasPersonales.Api\FinanzasPersonales.Api\FinanzasPersonales.Api.csproj]
C:\Users\LENOVO\Documents\Trabajo\FinanzasPersonales.Api\FinanzasPersonales.Api\Controllers\AuthController.cs(105,74): warning CS8604: Posible argumento de referencia nulo para el par├ímetro "s" en "byte[] Encoding.GetBytes(string s)". [C:\Users\LENOVO\Documents\Trabajo\FinanzasPersonales.Api\FinanzasPersonales.Api\FinanzasPersonales.Api.csproj]
C:\Users\LENOVO\Documents\Trabajo\FinanzasPersonales.Api\FinanzasPersonales.Api\Controllers\AuthController.cs(111,56): warning CS8604: Posible argumento de referencia nulo para el par├ímetro "value" en "Claim.Claim(string type, string value)". [C:\Users\LENOVO\Documents\Trabajo\FinanzasPersonales.Api\FinanzasPersonales.Api\FinanzasPersonales.Api.csproj]
C:\Users\LENOVO\Documents\Trabajo\FinanzasPersonales.Api\FinanzasPersonales.Api\Controllers\CategoriasController.cs(86,32): warning CS8601: Posible asignaci├│n de referencia nula. [C:\Users\LENOVO\Documents\Trabajo\FinanzasPersonales.Api\FinanzasPersonales.Api\FinanzasPersonales.Api.csproj]
C:\Users\LENOVO\Documents\Trabajo\FinanzasPersonales.Api\FinanzasPersonales.Api\Controllers\CategoriasController.cs(127,32): warning CS8601: Posible asignaci├│n de referencia nula. [C:\Users\LENOVO\Documents\Trabajo\FinanzasPersonales.Api\FinanzasPersonales.Api\FinanzasPersonales.Api.csproj]
C:\Users\LENOVO\Documents\Trabajo\FinanzasPersonales.Api\FinanzasPersonales.Api\Controllers\GastosController.cs(189,28): warning CS8601: Posible asignaci├│n de referencia nula. [C:\Users\LENOVO\Documents\Trabajo\FinanzasPersonales.Api\FinanzasPersonales.Api\FinanzasPersonales.Api.csproj]
C:\Users\LENOVO\Documents\Trabajo\FinanzasPersonales.Api\FinanzasPersonales.Api\Controllers\GastosController.cs(217,28): warning CS8601: Posible asignaci├│n de referencia nula. [C:\Users\LENOVO\Documents\Trabajo\FinanzasPersonales.Api\FinanzasPersonales.Api\FinanzasPersonales.Api.csproj]
C:\Users\LENOVO\Documents\Trabajo\FinanzasPersonales.Api\FinanzasPersonales.Api\Controllers\PresupuestosController.cs(56,65): warning CS8604: Posible argumento de referencia nulo para el par├ímetro "userId" en "Task<decimal> PresupuestosController.CalcularGastadoActual(string userId, Presupuesto presupuesto)". [C:\Users\LENOVO\Documents\Trabajo\FinanzasPersonales.Api\FinanzasPersonales.Api\FinanzasPersonales.Api.csproj]
C:\Users\LENOVO\Documents\Trabajo\FinanzasPersonales.Api\FinanzasPersonales.Api\Controllers\MetasController.cs(102,27): warning CS8601: Posible asignaci├│n de referencia nula. [C:\Users\LENOVO\Documents\Trabajo\FinanzasPersonales.Api\FinanzasPersonales.Api\FinanzasPersonales.Api.csproj]
C:\Users\LENOVO\Documents\Trabajo\FinanzasPersonales.Api\FinanzasPersonales.Api\Controllers\PerfilController.cs(38,57): warning CS8604: Posible argumento de referencia nulo para el par├ímetro "userId" en "Task<IdentityUser?> UserManager<IdentityUser>.FindByIdAsync(string userId)". [C:\Users\LENOVO\Documents\Trabajo\FinanzasPersonales.Api\FinanzasPersonales.Api\FinanzasPersonales.Api.csproj]
C:\Users\LENOVO\Documents\Trabajo\FinanzasPersonales.Api\FinanzasPersonales.Api\Controllers\PerfilController.cs(51,25): warning CS8601: Posible asignaci├│n de referencia nula. [C:\Users\LENOVO\Documents\Trabajo\FinanzasPersonales.Api\FinanzasPersonales.Api\FinanzasPersonales.Api.csproj]
C:\Users\LENOVO\Documents\Trabajo\FinanzasPersonales.Api\FinanzasPersonales.Api\Controllers\IngresosController.cs(173,30): warning CS8601: Posible asignaci├│n de referencia nula. [C:\Users\LENOVO\Documents\Trabajo\FinanzasPersonales.Api\FinanzasPersonales.Api\FinanzasPersonales.Api.csproj]
C:\Users\LENOVO\Documents\Trabajo\FinanzasPersonales.Api\FinanzasPersonales.Api\Controllers\MetasController.cs(130,27): warning CS8601: Posible asignaci├│n de referencia nula. [C:\Users\LENOVO\Documents\Trabajo\FinanzasPersonales.Api\FinanzasPersonales.Api\FinanzasPersonales.Api.csproj]
C:\Users\LENOVO\Documents\Trabajo\FinanzasPersonales.Api\FinanzasPersonales.Api\Controllers\PerfilController.cs(72,57): warning CS8604: Posible argumento de referencia nulo para el par├ímetro "userId" en "Task<IdentityUser?> UserManager<IdentityUser>.FindByIdAsync(string userId)". [C:\Users\LENOVO\Documents\Trabajo\FinanzasPersonales.Api\FinanzasPersonales.Api\FinanzasPersonales.Api.csproj]
C:\Users\LENOVO\Documents\Trabajo\FinanzasPersonales.Api\FinanzasPersonales.Api\Controllers\PresupuestosController.cs(95,61): warning CS8604: Posible argumento de referencia nulo para el par├ímetro "userId" en "Task<decimal> PresupuestosController.CalcularGastadoActual(string userId, Presupuesto presupuesto)". [C:\Users\LENOVO\Documents\Trabajo\FinanzasPersonales.Api\FinanzasPersonales.Api\FinanzasPersonales.Api.csproj]
C:\Users\LENOVO\Documents\Trabajo\FinanzasPersonales.Api\FinanzasPersonales.Api\Controllers\IngresosController.cs(201,30): warning CS8601: Posible asignaci├│n de referencia nula. [C:\Users\LENOVO\Documents\Trabajo\FinanzasPersonales.Api\FinanzasPersonales.Api\FinanzasPersonales.Api.csproj]
C:\Users\LENOVO\Documents\Trabajo\FinanzasPersonales.Api\FinanzasPersonales.Api\Controllers\PerfilController.cs(106,57): warning CS8604: Posible argumento de referencia nulo para el par├ímetro "userId" en "Task<IdentityUser?> UserManager<IdentityUser>.FindByIdAsync(string userId)". [C:\Users\LENOVO\Documents\Trabajo\FinanzasPersonales.Api\FinanzasPersonales.Api\FinanzasPersonales.Api.csproj]
C:\Users\LENOVO\Documents\Trabajo\FinanzasPersonales.Api\FinanzasPersonales.Api\Controllers\PresupuestosController.cs(151,26): warning CS8601: Posible asignaci├│n de referencia nula. [C:\Users\LENOVO\Documents\Trabajo\FinanzasPersonales.Api\FinanzasPersonales.Api\FinanzasPersonales.Api.csproj]
C:\Users\LENOVO\Documents\Trabajo\FinanzasPersonales.Api\FinanzasPersonales.Api\Controllers\PresupuestosController.cs(241,65): warning CS8604: Posible argumento de referencia nulo para el par├ímetro "userId" en "Task<decimal> PresupuestosController.CalcularGastadoActual(string userId, Presupuesto presupuesto)". [C:\Users\LENOVO\Documents\Trabajo\FinanzasPersonales.Api\FinanzasPersonales.Api\FinanzasPersonales.Api.csproj]
C:\Users\LENOVO\Documents\Trabajo\FinanzasPersonales.Api\FinanzasPersonales.Api\Controllers\PresupuestosController.cs(45,25): error CS0266: No se puede convertir impl├¡citamente el tipo 'System.Linq.IQueryable<FinanzasPersonales.Api.Models.Presupuesto>' en 'Microsoft.EntityFrameworkCore.Query.IIncludableQueryable<FinanzasPersonales.Api.Models.Presupuesto, FinanzasPersonales.Api.Models.Categoria>'. Ya existe una conversi├│n expl├¡cita (compruebe si le falta una conversi├│n) [C:\Users\LENOVO\Documents\Trabajo\FinanzasPersonales.Api\FinanzasPersonales.Api\FinanzasPersonales.Api.csproj]
C:\Users\LENOVO\Documents\Trabajo\FinanzasPersonales.Api\FinanzasPersonales.Api\Controllers\PresupuestosController.cs(48,25): error CS0266: No se puede convertir impl├¡citamente el tipo 'System.Linq.IQueryable<FinanzasPersonales.Api.Models.Presupuesto>' en 'Microsoft.EntityFrameworkCore.Query.IIncludableQueryable<FinanzasPersonales.Api.Models.Presupuesto, FinanzasPersonales.Api.Models.Categoria>'. Ya existe una conversi├│n expl├¡cita (compruebe si le falta una conversi├│n) [C:\Users\LENOVO\Documents\Trabajo\FinanzasPersonales.Api\FinanzasPersonales.Api\FinanzasPersonales.Api.csproj]
C:\Users\LENOVO\Documents\Trabajo\FinanzasPersonales.Api\FinanzasPersonales.Api\Controllers\PresupuestosController.cs(144,35): error CS9035: El miembro requerido 'Presupuesto.Categoria' debe establecerse en el inicializador de objeto o constructor de atributos. [C:\Users\LENOVO\Documents\Trabajo\FinanzasPersonales.Api\FinanzasPersonales.Api\FinanzasPersonales.Api.csproj]
C:\Users\LENOVO\Documents\Trabajo\FinanzasPersonales.Api\FinanzasPersonales.Api\Controllers\PresupuestosController.cs(144,35): error CS9035: El miembro requerido 'Presupuesto.User' debe establecerse en el inicializador de objeto o constructor de atributos. [C:\Users\LENOVO\Documents\Trabajo\FinanzasPersonales.Api\FinanzasPersonales.Api\FinanzasPersonales.Api.csproj]
    45 Advertencia(s)
    4 Errores

Tiempo transcurrido 00:00:01.64

Hay actualizaciones de carga de trabajo disponibles. Ejecute "dotnet workload list" para obtener m├ís informaci├│n.
